Loading PGN...
Replayed FEN: 4r2k/pp1Q2pp/1qp3p1/4r3/2B3P1/1P5P/1P3R2/2KR4 b - - 1 27
Undoing all moves...
Undoing move: 11 -> 51
FEN after: 4r2k/pp4pp/1qp3p1/4r3/2B3P1/1P5P/1P1Q1R2/2KR4 w - - 0 27
Undoing move: 52 -> 36
FEN after: 4r2k/pp2r1pp/1qp3p1/4P3/2B3P1/1P5P/1P1Q1R2/2KR4 b - - 0 25
Undoing move: 8 -> 17
FEN after: 4r2k/pp2r1pp/1qp3p1/4P3/2B3P1/1n5P/PP1Q1R2/2KR4 w - - 2 25
Undoing move: 27 -> 17
FEN after: 4r2k/pp2r1pp/1qp3p1/4P3/2Bn2P1/7P/PP1Q1R2/2KR4 b - - 1 23
Undoing move: 10 -> 11
FEN after: 4r2k/pp2r1pp/1qp3p1/4P3/2Bn2P1/7P/PPQ2R2/2KR4 w - - 0 23
Undoing move: 44 -> 27
FEN after: 4r2k/pp2r1pp/1qp1n1p1/4P3/2BP2P1/7P/PPQ2R2/2KR4 b - - 4 21
Undoing move: 5 -> 13
FEN after: 4r2k/pp2r1pp/1qp1n1p1/4P3/2BP2P1/7P/PPQ5/2KR1R2 w - - 3 21
Undoing move: 61 -> 60
FEN after: 5r1k/pp2r1pp/1qp1n1p1/4P3/2BP2P1/7P/PPQ5/2KR1R2 b - - 2 19
Undoing move: 7 -> 5
FEN after: 5r1k/pp2r1pp/1qp1n1p1/4P3/2BP2P1/7P/PPQ5/2KR3R w - - 1 19
Undoing move: 29 -> 44
FEN after: 5r1k/pp2r1pp/1qp3p1/4P3/2BP1nP1/7P/PPQ5/2KR3R b - - 0 17
Undoing move: 28 -> 36
FEN after: 5r1k/pp2r1pp/1qp3p1/8/2BPPnP1/7P/PPQ5/2KR3R w - - 2 17
Undoing move: 62 -> 63
FEN after: 5rk1/pp2r1pp/1qp3p1/8/2BPPnP1/7P/PPQ5/2KR3R b - - 1 15
Undoing move: 19 -> 26
FEN after: 5rk1/pp2r1pp/1qp3p1/8/3PPnP1/3B3P/PPQ5/2KR3R w - - 0 15
Undoing move: 35 -> 29
FEN after: 5rk1/pp2r1pp/1qp3p1/3n4/3PPPP1/3B3P/PPQ5/2KR3R b - - 0 13
Undoing move: 20 -> 28
FEN after: 5rk1/pp2r1pp/1qp3p1/3n4/3P1PP1/3BP2P/PPQ5/2KR3R w - - 3 13
Undoing move: 45 -> 35
FEN after: 5rk1/pp2r1pp/1qp2np1/8/3P1PP1/3BP2P/PPQ5/2KR3R b - - 2 11
Undoing move: 28 -> 19
FEN after: 5rk1/pp2r1pp/1qp2np1/8/3PBPP1/4P2P/PPQ5/2KR3R w - - 1 11
Undoing move: 51 -> 45
FEN after: 5rk1/pp1nr1pp/1qp3p1/8/3PBPP1/4P2P/PPQ5/2KR3R b - - 0 9
Undoing move: 19 -> 28
FEN after: 5rk1/pp1nr1pp/1qp3p1/8/3PpPP1/3BP2P/PPQ5/2KR3R w - - 0 9
Undoing move: 35 -> 28
FEN after: 5rk1/pp1nr1pp/1qp3p1/3p4/3PNPP1/3BP2P/PPQ5/2KR3R b - - 0 7
Undoing move: 18 -> 28
FEN after: 5rk1/pp1nr1pp/1qp3p1/3p4/3PnPP1/2NBP2P/PPQ5/2KR3R w - - 0 7
Undoing move: 60 -> 52
FEN after: 4rrk1/pp1nB1pp/1qp3p1/3p4/3PnPP1/2NBP2P/PPQ5/2KR3R b - - 0 5
Undoing move: 38 -> 52
FEN after: 4rrk1/pp1nb1pp/1qp3p1/3p2B1/3PnPP1/2NBP2P/PPQ5/2KR3R w - - 1 5
Undoing move: 45 -> 28
FEN after: 4rrk1/pp1nb1pp/1qp2np1/3p2B1/3P1PP1/2NBP2P/PPQ5/2KR3R b - f3 0 3
Undoing move: 13 -> 29
FEN after: 4rrk1/pp1nb1pp/1qp2np1/3p2B1/3P2P1/2NBP2P/PPQ2P2/2KR3R w - - 6 3
Undoing move: 56 -> 60
FEN after: r4rk1/pp1nb1pp/1qp2np1/3p2B1/3P2P1/2NBP2P/PPQ2P2/2KR3R b - - 5 1
Undoing move: 4 -> 2
FEN after: r4rk1/pp1nb1pp/1qp2np1/3p2B1/3P2P1/2NBP2P/PPQ2P2/R3K2R w KQ - 4 1
Undoing move: 57 -> 51
FEN after: rn3rk1/pp2b1pp/1qp2np1/3p2B1/3P2P1/2NBP2P/PPQ2P2/R3K2R b KQ - 3 -1
Undoing move: 3 -> 10
FEN after: rn3rk1/pp2b1pp/1qp2np1/3p2B1/3P2P1/2NBP2P/PP3P2/R2QK2R w KQ - 2 -1
Undoing move: 59 -> 41
FEN after: rn1q1rk1/pp2b1pp/2p2np1/3p2B1/3P2P1/2NBP2P/PP3P2/R2QK2R b KQ - 1 -3
Undoing move: 5 -> 19
FEN after: rn1q1rk1/pp2b1pp/2p2np1/3p2B1/3P2P1/2N1P2P/PP3P2/R2QKB1R w KQ - 0 -3
Undoing move: 53 -> 46
FEN after: rn1q1rk1/pp2bppp/2p2nN1/3p2B1/3P2P1/2N1P2P/PP3P2/R2QKB1R b KQ - 0 -5
Undoing move: 36 -> 46
FEN after: rn1q1rk1/pp2bppp/2p2nb1/3pN1B1/3P2P1/2N1P2P/PP3P2/R2QKB1R w KQ - 0 -5
Undoing move: 50 -> 42
FEN after: rn1q1rk1/ppp1bppp/5nb1/3pN1B1/3P2P1/2N1P2P/PP3P2/R2QKB1R b KQ - 2 -7
Undoing move: 21 -> 36
FEN after: rn1q1rk1/ppp1bppp/5nb1/3p2B1/3P2P1/2N1PN1P/PP3P2/R2QKB1R w KQ - 1 -7
Undoing move: 39 -> 46
FEN after: rn1q1rk1/ppp1bppp/5n2/3p2Bb/3P2P1/2N1PN1P/PP3P2/R2QKB1R b KQ g3 0 -9
Undoing move: 14 -> 30
FEN after: rn1q1rk1/ppp1bppp/5n2/3p2Bb/3P4/2N1PN1P/PP3PP1/R2QKB1R w KQ - 1 -9
Undoing move: 30 -> 39
FEN after: rn1q1rk1/ppp1bppp/5n2/3p2B1/3P2b1/2N1PN1P/PP3PP1/R2QKB1R b KQ - 0 -11
Undoing move: 15 -> 23
FEN after: rn1q1rk1/ppp1bppp/5n2/3p2B1/3P2b1/2N1PN2/PP3PPP/R2QKB1R w KQ - 1 -11
Undoing move: 58 -> 30
FEN after: rnbq1rk1/ppp1bppp/5n2/3p2B1/3P4/2N1PN2/PP3PPP/R2QKB1R b KQ - 0 -13
Undoing move: 12 -> 20
FEN after: rnbq1rk1/ppp1bppp/5n2/3p2B1/3P4/2N2N2/PP2PPPP/R2QKB1R w KQ - 6 -13
Undoing move: 60 -> 62
FEN after: rnbqk2r/ppp1bppp/5n2/3p2B1/3P4/2N2N2/PP2PPPP/R2QKB1R b KQkq - 5 -15
Undoing move: 6 -> 21
FEN after: rnbqk2r/ppp1bppp/5n2/3p2B1/3P4/2N5/PP2PPPP/R2QKBNR w KQkq - 4 -15
Undoing move: 61 -> 52
FEN after: rnbqkb1r/ppp2ppp/5n2/3p2B1/3P4/2N5/PP2PPPP/R2QKBNR b KQkq - 3 -17
Undoing move: 2 -> 38
FEN after: rnbqkb1r/ppp2ppp/5n2/3p4/3P4/2N5/PP2PPPP/R1BQKBNR w KQkq - 2 -17
Undoing move: 62 -> 45
FEN after: rnbqkbnr/ppp2ppp/8/3p4/3P4/2N5/PP2PPPP/R1BQKBNR b KQkq - 1 -19
Undoing move: 1 -> 18
FEN after: rnbqkbnr/ppp2ppp/8/3p4/3P4/8/PP2PPPP/RNBQKBNR w KQkq - 0 -19
Undoing move: 44 -> 35
FEN after: rnbqkbnr/ppp2ppp/4p3/3P4/3P4/8/PP2PPPP/RNBQKBNR b KQkq - 0 -21
Undoing move: 26 -> 35
FEN after: rnbqkbnr/ppp2ppp/4p3/3p4/2PP4/8/PP2PPPP/RNBQKBNR w KQkq d6 0 -21
Undoing move: 51 -> 35
FEN after: rnbqkbnr/pppp1ppp/4p3/8/2PP4/8/PP2PPPP/RNBQKBNR b KQkq c3 0 -23
Undoing move: 10 -> 26
FEN after: rnbqkbnr/pppp1ppp/4p3/8/3P4/8/PPP1PPPP/RNBQKBNR w KQkq - 0 -23
Undoing move: 52 -> 44
FEN after: rnbqkbnr/pppppppp/8/8/3P4/8/PPP1PPPP/RNBQKBNR b KQkq d3 0 -25
Undoing move: 11 -> 27
FEN after: rnbqkbnr/pppppppp/8/8/8/8/PPPPPPPP/RNBQKBNR w KQkq - 0 -25
Start FEN after undo: rnbqkbnr/pppppppp/8/8/8/8/PPPPPPPP/RNBQKBNR w KQkq - 0 -25
Undo test FAILED!
